// Jest Snapshot v1, https://goo.gl/fbAQLP

exports[`Blue component renders blue div 1`] = `
<div
  style={
    Object {
      "backgroundColor": "blue",
      "color": "black",
      "fontSize": "4em",
      "height": "50vw",
      "letterSpacing": "1em",
      "width": "50vw",
    }
  }
>
  BLUE
</div>
`;
