// Jest Snapshot v1, https://goo.gl/fbAQLP

exports[`Color component renders the color in the url 1`] = `
<div
  style={
    Object {
      "backgroundColor": "hotpink",
      "color": "black",
      "fontSize": "4em",
      "height": "50vw",
      "letterSpacing": "1em",
      "textTransform": "uppercase",
      "width": "50vw",
    }
  }
>
  hotpink
</div>
`;
