// Jest Snapshot v1, https://goo.gl/fbAQLP

exports[`Yellow component renders yellow div 1`] = `
<div
  style={
    Object {
      "backgroundColor": "yellow",
      "color": "black",
      "fontSize": "4em",
      "height": "50vw",
      "letterSpacing": "1em",
      "width": "50vw",
    }
  }
>
  YELLOW
</div>
`;
